.next/types/app/(main)/calendar/page.ts(2,24): error TS2307: Cannot find module '../../../../../src/app/(main)/calendar/page.js' or its corresponding type declarations.
.next/types/app/(main)/calendar/page.ts(5,29): error TS2307: Cannot find module '../../../../../src/app/(main)/calendar/page.js' or its corresponding type declarations.
.next/types/app/(main)/classes/new/page.ts(2,24): error TS2307: Cannot find module '../../../../../../src/app/(main)/classes/new/page.js' or its corresponding type declarations.
.next/types/app/(main)/classes/new/page.ts(5,29): error TS2307: Cannot find module '../../../../../../src/app/(main)/classes/new/page.js' or its corresponding type declarations.
.next/types/app/(main)/classes/page.ts(2,24): error TS2307: Cannot find module '../../../../../src/app/(main)/classes/page.js' or its corresponding type declarations.
.next/types/app/(main)/classes/page.ts(5,29): error TS2307: Cannot find module '../../../../../src/app/(main)/classes/page.js' or its corresponding type declarations.
.next/types/app/(main)/dashboard/page.ts(2,24): error TS2307: Cannot find module '../../../../../src/app/(main)/dashboard/page.js' or its corresponding type declarations.
.next/types/app/(main)/dashboard/page.ts(5,29): error TS2307: Cannot find module '../../../../../src/app/(main)/dashboard/page.js' or its corresponding type declarations.
.next/types/app/(main)/payments/page.ts(2,24): error TS2307: Cannot find module '../../../../../src/app/(main)/payments/page.js' or its corresponding type declarations.
.next/types/app/(main)/payments/page.ts(5,29): error TS2307: Cannot find module '../../../../../src/app/(main)/payments/page.js' or its corresponding type declarations.
.next/types/app/(main)/settings/attendance/page.ts(2,24): error TS2307: Cannot find module '../../../../../../src/app/(main)/settings/attendance/page.js' or its corresponding type declarations.
.next/types/app/(main)/settings/attendance/page.ts(5,29): error TS2307: Cannot find module '../../../../../../src/app/(main)/settings/attendance/page.js' or its corresponding type declarations.
.next/types/app/(main)/settings/chat-settings/page.ts(2,24): error TS2307: Cannot find module '../../../../../../src/app/(main)/settings/chat-settings/page.js' or its corresponding type declarations.
.next/types/app/(main)/settings/chat-settings/page.ts(5,29): error TS2307: Cannot find module '../../../../../../src/app/(main)/settings/chat-settings/page.js' or its corresponding type declarations.
.next/types/app/(main)/settings/classes/page.ts(2,24): error TS2307: Cannot find module '../../../../../../src/app/(main)/settings/classes/page.js' or its corresponding type declarations.
.next/types/app/(main)/settings/classes/page.ts(5,29): error TS2307: Cannot find module '../../../../../../src/app/(main)/settings/classes/page.js' or its corresponding type declarations.
.next/types/app/(main)/settings/financial/page.ts(2,24): error TS2307: Cannot find module '../../../../../../src/app/(main)/settings/financial/page.js' or its corresponding type declarations.
.next/types/app/(main)/settings/financial/page.ts(5,29): error TS2307: Cannot find module '../../../../../../src/app/(main)/settings/financial/page.js' or its corresponding type declarations.
.next/types/app/(main)/settings/general/page.ts(2,24): error TS2307: Cannot find module '../../../../../../src/app/(main)/settings/general/page.js' or its corresponding type declarations.
.next/types/app/(main)/settings/general/page.ts(5,29): error TS2307: Cannot find module '../../../../../../src/app/(main)/settings/general/page.js' or its corresponding type declarations.
.next/types/app/(main)/settings/instructors/page.ts(2,24): error TS2307: Cannot find module '../../../../../../src/app/(main)/settings/instructors/page.js' or its corresponding type declarations.
.next/types/app/(main)/settings/instructors/page.ts(5,29): error TS2307: Cannot find module '../../../../../../src/app/(main)/settings/instructors/page.js' or its corresponding type declarations.
.next/types/app/(main)/settings/layout.ts(2,24): error TS2307: Cannot find module '../../../../../src/app/(main)/settings/layout.js' or its corresponding type declarations.
.next/types/app/(main)/settings/layout.ts(5,29): error TS2307: Cannot find module '../../../../../src/app/(main)/settings/layout.js' or its corresponding type declarations.
.next/types/app/(main)/settings/logs/page.ts(2,24): error TS2307: Cannot find module '../../../../../../src/app/(main)/settings/logs/page.js' or its corresponding type declarations.
.next/types/app/(main)/settings/logs/page.ts(5,29): error TS2307: Cannot find module '../../../../../../src/app/(main)/settings/logs/page.js' or its corresponding type declarations.
.next/types/app/(main)/settings/notifications/page.ts(2,24): error TS2307: Cannot find module '../../../../../../src/app/(main)/settings/notifications/page.js' or its corresponding type declarations.
.next/types/app/(main)/settings/notifications/page.ts(5,29): error TS2307: Cannot find module '../../../../../../src/app/(main)/settings/notifications/page.js' or its corresponding type declarations.
.next/types/app/(main)/settings/page.ts(2,24): error TS2307: Cannot find module '../../../../../src/app/(main)/settings/page.js' or its corresponding type declarations.
.next/types/app/(main)/settings/page.ts(5,29): error TS2307: Cannot find module '../../../../../src/app/(main)/settings/page.js' or its corresponding type declarations.
.next/types/app/(main)/settings/payments/page.ts(2,24): error TS2307: Cannot find module '../../../../../../src/app/(main)/settings/payments/page.js' or its corresponding type declarations.
.next/types/app/(main)/settings/payments/page.ts(5,29): error TS2307: Cannot find module '../../../../../../src/app/(main)/settings/payments/page.js' or its corresponding type declarations.
.next/types/app/(main)/settings/plans/page.ts(2,24): error TS2307: Cannot find module '../../../../../../src/app/(main)/settings/plans/page.js' or its corresponding type declarations.
.next/types/app/(main)/settings/plans/page.ts(5,29): error TS2307: Cannot find module '../../../../../../src/app/(main)/settings/plans/page.js' or its corresponding type declarations.
.next/types/app/(main)/settings/profile/page.ts(2,24): error TS2307: Cannot find module '../../../../../../src/app/(main)/settings/profile/page.js' or its corresponding type declarations.
.next/types/app/(main)/settings/profile/page.ts(5,29): error TS2307: Cannot find module '../../../../../../src/app/(main)/settings/profile/page.js' or its corresponding type declarations.
.next/types/app/(main)/settings/reports-settings/page.ts(2,24): error TS2307: Cannot find module '../../../../../../src/app/(main)/settings/reports-settings/page.js' or its corresponding type declarations.
.next/types/app/(main)/settings/reports-settings/page.ts(5,29): error TS2307: Cannot find module '../../../../../../src/app/(main)/settings/reports-settings/page.js' or its corresponding type declarations.
.next/types/app/(main)/settings/roles/page.ts(2,24): error TS2307: Cannot find module '../../../../../../src/app/(main)/settings/roles/page.js' or its corresponding type declarations.
.next/types/app/(main)/settings/roles/page.ts(5,29): error TS2307: Cannot find module '../../../../../../src/app/(main)/settings/roles/page.js' or its corresponding type declarations.
.next/types/app/(main)/settings/rooms/page.ts(2,24): error TS2307: Cannot find module '../../../../../../src/app/(main)/settings/rooms/page.js' or its corresponding type declarations.
.next/types/app/(main)/settings/rooms/page.ts(5,29): error TS2307: Cannot find module '../../../../../../src/app/(main)/settings/rooms/page.js' or its corresponding type declarations.
.next/types/app/(main)/settings/team/page.ts(2,24): error TS2307: Cannot find module '../../../../../../src/app/(main)/settings/team/page.js' or its corresponding type declarations.
.next/types/app/(main)/settings/team/page.ts(5,29): error TS2307: Cannot find module '../../../../../../src/app/(main)/settings/team/page.js' or its corresponding type declarations.
.next/types/app/(main)/settings/units/page.ts(2,24): error TS2307: Cannot find module '../../../../../../src/app/(main)/settings/units/page.js' or its corresponding type declarations.
.next/types/app/(main)/settings/units/page.ts(5,29): error TS2307: Cannot find module '../../../../../../src/app/(main)/settings/units/page.js' or its corresponding type declarations.
.next/types/app/(main)/settings/users/page.ts(2,24): error TS2307: Cannot find module '../../../../../../src/app/(main)/settings/users/page.js' or its corresponding type declarations.
.next/types/app/(main)/settings/users/page.ts(5,29): error TS2307: Cannot find module '../../../../../../src/app/(main)/settings/users/page.js' or its corresponding type declarations.
.next/types/app/(main)/settings/workouts/page.ts(2,24): error TS2307: Cannot find module '../../../../../../src/app/(main)/settings/workouts/page.js' or its corresponding type declarations.
.next/types/app/(main)/settings/workouts/page.ts(5,29): error TS2307: Cannot find module '../../../../../../src/app/(main)/settings/workouts/page.js' or its corresponding type declarations.
.next/types/app/(main)/students/[id]/invoices/page.ts(2,24): error TS2307: Cannot find module '../../../../../../../src/app/(main)/students/[id]/invoices/page.js' or its corresponding type declarations.
.next/types/app/(main)/students/[id]/invoices/page.ts(5,29): error TS2307: Cannot find module '../../../../../../../src/app/(main)/students/[id]/invoices/page.js' or its corresponding type declarations.
.next/types/app/(main)/students/[id]/measurements/page.ts(2,24): error TS2307: Cannot find module '../../../../../../../src/app/(main)/students/[id]/measurements/page.js' or its corresponding type declarations.
.next/types/app/(main)/students/[id]/measurements/page.ts(5,29): error TS2307: Cannot find module '../../../../../../../src/app/(main)/students/[id]/measurements/page.js' or its corresponding type declarations.
.next/types/app/(main)/students/[id]/page.ts(2,24): error TS2307: Cannot find module '../../../../../../src/app/(main)/students/[id]/page.js' or its corresponding type declarations.
.next/types/app/(main)/students/[id]/page.ts(5,29): error TS2307: Cannot find module '../../../../../../src/app/(main)/students/[id]/page.js' or its corresponding type declarations.
.next/types/app/(main)/students/[id]/workouts/page.ts(2,24): error TS2307: Cannot find module '../../../../../../../src/app/(main)/students/[id]/workouts/page.js' or its corresponding type declarations.
.next/types/app/(main)/students/[id]/workouts/page.ts(5,29): error TS2307: Cannot find module '../../../../../../../src/app/(main)/students/[id]/workouts/page.js' or its corresponding type declarations.
.next/types/app/(main)/students/page.ts(2,24): error TS2307: Cannot find module '../../../../../src/app/(main)/students/page.js' or its corresponding type declarations.
.next/types/app/(main)/students/page.ts(5,29): error TS2307: Cannot find module '../../../../../src/app/(main)/students/page.js' or its corresponding type declarations.
.next/types/app/(main)/workouts/library/page.ts(2,24): error TS2307: Cannot find module '../../../../../../src/app/(main)/workouts/library/page.js' or its corresponding type declarations.
.next/types/app/(main)/workouts/library/page.ts(5,29): error TS2307: Cannot find module '../../../../../../src/app/(main)/workouts/library/page.js' or its corresponding type declarations.
.next/types/app/(main)/workouts/page.ts(2,24): error TS2307: Cannot find module '../../../../../src/app/(main)/workouts/page.js' or its corresponding type declarations.
.next/types/app/(main)/workouts/page.ts(5,29): error TS2307: Cannot find module '../../../../../src/app/(main)/workouts/page.js' or its corresponding type declarations.
src/app/(main)/clients/[id]/workouts/page.tsx(2,36): error TS2307: Cannot find module '@/services/supabase/treinos' or its corresponding type declarations.
src/app/(main)/configuracoes/subscription/page.tsx(205,37): error TS2304: Cannot find name 'BeeGymPlan'.
src/app/(main)/exercicios/page.tsx(6,31): error TS2307: Cannot find module '@/components/exercises/exercise-modal' or its corresponding type declarations.
src/components/painel/modals/new-workout-modal.tsx(10,38): error TS2307: Cannot find module '@/actions/treinos' or its corresponding type declarations.
